// Jest Snapshot v1, https://goo.gl/fbAQLP

exports[`Bus Info Modal Component renders the proper modal 1`] = `
<BusInfoModal
  busInfo={
    Object {
      "headsign": "12W Teal",
    }
  }
  isOpen={true}
  stopInfo={Object {}}
  toggle={[Function]}
>
  <div>
    <Modal
      autoFocus={true}
      backdrop={true}
      backdropTransition={
        Object {
          "mountOnEnter": true,
          "timeout": 150,
        }
      }
      centered={false}
      className="info-modal"
      fade={true}
      isOpen={true}
      keyboard={true}
      modalTransition={
        Object {
          "timeout": 300,
        }
      }
      onClosed={[Function]}
      onOpened={[Function]}
      role="dialog"
      toggle={[Function]}
      zIndex={1050}
    >
      <Portal
        node={
          <div
            style="position: relative; z-index: 1050;"
            tabindex="-1"
          >
            <div
              class=""
            >
              <div
                class="modal fade"
                role="dialog"
                style="display: block;"
                tabindex="-1"
              >
                <div
                  class="modal-dialog info-modal"
                  role="document"
                >
                  <div
                    class="modal-content"
                  >
                    <div
                      class="modal-header"
                    >
                      <h5
                        class="modal-title"
                      >
                        12W Teal
                      </h5>
                    </div>
                    <div
                      class="modal-body"
                    >
                      <img
                        alt="bus information"
                        class="img-fluid map-image"
                        src="http://example.com/"
                        style="visibility: hidden;"
                      />
                      <p
                        class="stop-info"
                        style="visibility: hidden;"
                      >
                        <b>
                          Next Stop:
                        </b>
                         
                        Test 1
                        <br />
                        <b>
                          Previous Stop
                        </b>
                         
                        Test 2
                      </p>
                    </div>
                    <div
                      class="modal-footer"
                    >
                      <button
                        class="btn btn-secondary"
                        type="button"
                      >
                        Exit
                      </button>
                    </div>
                  </div>
                </div>
              </div>
              <div
                class="modal-backdrop fade"
              />
            </div>
          </div>
        }
      >
        <Portal
          containerInfo={
            <div
              style="position: relative; z-index: 1050;"
              tabindex="-1"
            >
              <div
                class=""
              >
                <div
                  class="modal fade"
                  role="dialog"
                  style="display: block;"
                  tabindex="-1"
                >
                  <div
                    class="modal-dialog info-modal"
                    role="document"
                  >
                    <div
                      class="modal-content"
                    >
                      <div
                        class="modal-header"
                      >
                        <h5
                          class="modal-title"
                        >
                          12W Teal
                        </h5>
                      </div>
                      <div
                        class="modal-body"
                      >
                        <img
                          alt="bus information"
                          class="img-fluid map-image"
                          src="http://example.com/"
                          style="visibility: hidden;"
                        />
                        <p
                          class="stop-info"
                          style="visibility: hidden;"
                        >
                          <b>
                            Next Stop:
                          </b>
                           
                          Test 1
                          <br />
                          <b>
                            Previous Stop
                          </b>
                           
                          Test 2
                        </p>
                      </div>
                      <div
                        class="modal-footer"
                      >
                        <button
                          class="btn btn-secondary"
                          type="button"
                        >
                          Exit
                        </button>
                      </div>
                    </div>
                  </div>
                </div>
                <div
                  class="modal-backdrop fade"
                />
              </div>
            </div>
          }
        >
          <div
            className=""
          >
            <Fade
              appear={true}
              baseClass="fade"
              baseClassActive="show"
              className="modal"
              enter={true}
              exit={true}
              in={true}
              mountOnEnter={false}
              onClick={[Function]}
              onEnter={[Function]}
              onEntered={[Function]}
              onEntering={[Function]}
              onExit={[Function]}
              onExited={[Function]}
              onExiting={[Function]}
              onKeyDown={[Function]}
              onKeyUp={[Function]}
              onMouseDown={[Function]}
              role="dialog"
              style={
                Object {
                  "display": "block",
                }
              }
              tabIndex="-1"
              tag="div"
              timeout={300}
              unmountOnExit={false}
            >
              <Transition
                appear={true}
                enter={true}
                exit={true}
                in={true}
                mountOnEnter={false}
                onEnter={[Function]}
                onEntered={[Function]}
                onEntering={[Function]}
                onExit={[Function]}
                onExited={[Function]}
                onExiting={[Function]}
                timeout={300}
                unmountOnExit={false}
              >
                <div
                  className="modal fade"
                  onClick={[Function]}
                  onKeyDown={[Function]}
                  onKeyUp={[Function]}
                  onMouseDown={[Function]}
                  role="dialog"
                  style={
                    Object {
                      "display": "block",
                    }
                  }
                  tabIndex="-1"
                >
                  <div
                    className="modal-dialog info-modal"
                    role="document"
                  >
                    <div
                      className="modal-content"
                    >
                      <ModalHeader
                        charCode={215}
                        closeAriaLabel="Close"
                        tag="h5"
                        wrapTag="div"
                      >
                        <div
                          className="modal-header"
                        >
                          <h5
                            className="modal-title"
                          >
                            12W Teal
                          </h5>
                        </div>
                      </ModalHeader>
                      <ModalBody
                        tag="div"
                      >
                        <div
                          className="modal-body"
                        >
                          <img
                            alt="bus information"
                            className="img-fluid map-image"
                            onLoad={[Function]}
                            src="http://example.com/"
                            style={
                              Object {
                                "visibility": "hidden",
                              }
                            }
                          />
                          <p
                            className="stop-info"
                            style={
                              Object {
                                "visibility": "hidden",
                              }
                            }
                          >
                            <b>
                              Next Stop:
                            </b>
                             
                            Test 1
                            <br />
                            <b>
                              Previous Stop
                            </b>
                             
                            Test 2
                          </p>
                        </div>
                      </ModalBody>
                      <ModalFooter
                        tag="div"
                      >
                        <div
                          className="modal-footer"
                        >
                          <Button
                            color="secondary"
                            onClick={[Function]}
                            tag="button"
                          >
                            <button
                              aria-label={null}
                              className="btn btn-secondary"
                              onClick={[Function]}
                              type="button"
                            >
                              Exit
                            </button>
                          </Button>
                        </div>
                      </ModalFooter>
                    </div>
                  </div>
                </div>
              </Transition>
            </Fade>
            <Fade
              appear={true}
              baseClass="fade"
              baseClassActive="show"
              className="modal-backdrop"
              enter={true}
              exit={true}
              in={true}
              mountOnEnter={true}
              onEnter={[Function]}
              onEntered={[Function]}
              onEntering={[Function]}
              onExit={[Function]}
              onExited={[Function]}
              onExiting={[Function]}
              tag="div"
              timeout={150}
              unmountOnExit={false}
            >
              <Transition
                appear={true}
                enter={true}
                exit={true}
                in={true}
                mountOnEnter={true}
                onEnter={[Function]}
                onEntered={[Function]}
                onEntering={[Function]}
                onExit={[Function]}
                onExited={[Function]}
                onExiting={[Function]}
                timeout={150}
                unmountOnExit={false}
              >
                <div
                  className="modal-backdrop fade"
                />
              </Transition>
            </Fade>
          </div>
        </Portal>
      </Portal>
    </Modal>
  </div>
</BusInfoModal>
`;
