// Jest Snapshot v1, https://goo.gl/fbAQLP

exports[`Bus Result Row Component renders the proper h4 with invalid request 1`] = `
<tr
  style={
    Object {
      "backgroundColor": "#fcee1f",
      "color": "#000000",
    }
  }
>
  <td
    width="40%"
  >
    <b>
      100N Yellow
    </b>
  </td>
  <td>
    5m
  </td>
  <td>
    5:32:40
  </td>
  <td>
    <button
      aria-label={null}
      className="btn btn-success"
      onClick={[Function]}
      type="button"
    >
      Location
    </button>
  </td>
</tr>
`;
